---
source: src/runtime/scheduler/three_lane.rs
expression: "json!({\n    \"cancel_flood_seed_0603\":\n    adaptive_cancel_flood_replay_json(0xC0DE_CAFE_BEEF_0603),\n    \"limit_trace_seed_0001_epochs_16\":\n    adaptive_limit_replay_json(0xC0DE_CAFE_BEEF_0001, 16),\n    \"limit_trace_seed_0001_epochs_24\":\n    adaptive_limit_replay_json(0xC0DE_CAFE_BEEF_0001, 24),\n    \"limit_trace_seed_0002_epochs_24\":\n    adaptive_limit_replay_json(0xC0DE_CAFE_BEEF_0002, 24),\n    \"limit_trace_seed_0011_epochs_32\":\n    adaptive_limit_replay_json(0xC0DE_CAFE_BEEF_0011, 32),\n})"
---
{
  "cancel_flood_seed_0603": {
    "adaptive_limit": 4,
    "dispatch_trace": [
      "TaskId(77:100)",
      "TaskId(77:101)",
      "TaskId(77:102)",
      "TaskId(77:103)",
      "TaskId(77:104)",
      "TaskId(77:1)",
      "TaskId(77:105)",
      "TaskId(77:106)",
      "TaskId(77:107)",
      "TaskId(77:108)",
      "TaskId(77:2)"
    ],
    "fairness_certificate": {
      "adaptive_current_limit": 8,
      "adaptive_enabled": true,
      "base_limit": 8,
      "base_limit_exceedances": 0,
      "cancel_dispatches": 9,
      "effective_limit": 64,
      "effective_limit_exceedances": 0,
      "fairness_yields": 2,
      "fallback_cancel_dispatches": 0,
      "invariant_holds": true,
      "max_ready_priority_inversion_gap": 0,
      "observed_max_cancel_streak": 5,
      "observed_max_ready_stall_steps": 4,
      "observed_max_timed_stall_steps": 5,
      "observed_non_cancel_stall_steps": 5,
      "ready_dispatches": 1,
      "ready_priority_inversions": 0,
      "ready_stall_bound_steps": 65,
      "timed_dispatches": 1,
      "witness_hash": 10303585739044193255
    },
    "ready_index": 10,
    "ready_task": "TaskId(77:2)",
    "seed": "0xC0DECAFEBEEF0603",
    "timed_index": 5,
    "timed_task": "TaskId(77:1)"
  },
  "limit_trace_seed_0001_epochs_16": {
    "distinct_limits": 1,
    "epochs": 16,
    "limit_trace": [
      4,
      4,
      4,
      4,
      4,
      4,
      4,
      4,
      4,
      4,
      4,
      4,
      4,
      4,
      4,
      4
    ],
    "seed": "0xC0DECAFEBEEF0001"
  },
  "limit_trace_seed_0001_epochs_24": {
    "distinct_limits": 1,
    "epochs": 24,
    "limit_trace": [
      4,
      4,
      4,
      4,
      4,
      4,
      4,
      4,
      4,
      4,
      4,
      4,
      4,
      4,
      4,
      4,
      4,
      4,
      4,
      4,
      4,
      4,
      4,
      4
    ],
    "seed": "0xC0DECAFEBEEF0001"
  },
  "limit_trace_seed_0002_epochs_24": {
    "distinct_limits": 1,
    "epochs": 24,
    "limit_trace": [
      4,
      4,
      4,
      4,
      4,
      4,
      4,
      4,
      4,
      4,
      4,
      4,
      4,
      4,
      4,
      4,
      4,
      4,
      4,
      4,
      4,
      4,
      4,
      4
    ],
    "seed": "0xC0DECAFEBEEF0002"
  },
  "limit_trace_seed_0011_epochs_32": {
    "distinct_limits": 1,
    "epochs": 32,
    "limit_trace": [
      4,
      4,
      4,
      4,
      4,
      4,
      4,
      4,
      4,
      4,
      4,
      4,
      4,
      4,
      4,
      4,
      4,
      4,
      4,
      4,
      4,
      4,
      4,
      4,
      4,
      4,
      4,
      4,
      4,
      4,
      4,
      4
    ],
    "seed": "0xC0DECAFEBEEF0011"
  }
}
