---
source: tests/hpack_golden_artifacts.rs
expression: golden
---
{
  "description": "Custom headers round-trip with Huffman",
  "original_headers": [
    {
      "name": "user-agent",
      "value": "asupersync/1.0"
    },
    {
      "name": "accept",
      "value": "text/html,application/xhtml+xml"
    },
    {
      "name": "cache-control",
      "value": "no-cache"
    }
  ],
  "encoder_config": {
    "use_huffman": true,
    "max_table_size": 4096,
    "max_header_list_size": null
  },
  "encoded_bytes": [
    122,
    138,
    26,
    45,
    172,
    182,
    35,
    213,
    68,
    96,
    43,
    131,
    83,
    151,
    73,
    124,
    165,
    137,
    211,
    77,
    31,
    67,
    174,
    186,
    12,
    65,
    164,
    199,
    169,
    143,
    51,
    166,
    154,
    63,
    223,
    154,
    104,
    88,
    134,
    168,
    235,
    16,
    100,
    156,
    191
  ],
  "decoder_config": {
    "use_huffman": false,
    "max_table_size": 4096,
    "max_header_list_size": 8192
  },
  "decoded_headers": [
    {
      "name": "user-agent",
      "value": "asupersync/1.0"
    },
    {
      "name": "accept",
      "value": "text/html,application/xhtml+xml"
    },
    {
      "name": "cache-control",
      "value": "no-cache"
    }
  ],
  "round_trip_successful": true
}
