---
source: src/observability/diagnostics.rs
expression: rendered
---
report_version: v3

[summary]
scenario_count: 3
passing_count: 1
degraded_count: 1
critical_count: 1


[healthy_system]
status: passing
resource_accounting:
  - regions_total: 1
  - regions_open: 0
  - tasks_total: 1
  - tasks_live: 0
  - obligations_total: 0
  - obligations_leaked: 0
report:
  scenario: healthy_system
  generated_at: 2026-04-21T14:30:00Z
  
  [region]
  none
  
  [task]
  All tasks completed successfully.
  
  [leaks]
  none


[degraded_performance]
status: degraded
resource_accounting:
  - regions_total: 3
  - regions_open: 2
  - tasks_total: 5
  - tasks_live: 3
  - obligations_total: 2
  - obligations_leaked: 1
report:
  scenario: degraded_performance
  generated_at: 2026-04-21T14:30:01Z
  
  [region]
  Region RegionId(1:0) has slow drain (2 children pending).
  
  [task]
  Task TaskId(2:1) experiencing high latency (p99: 450ms).
  
  [leaks]
  - ObligationId(1:0) region=RegionId(1:0) holder=Some(TaskId(2:1)) type=Lease age_ms=1500


[error_state]
status: critical
resource_accounting:
  - regions_total: 2
  - regions_open: 2
  - tasks_total: 4
  - tasks_live: 4
  - obligations_total: 3
  - obligations_leaked: 3
report:
  scenario: error_state
  generated_at: 2026-04-21T14:30:02Z
  
  [region]
  Region RegionId(0:0) has deadlock detected (cycle length: 2).
  
  [task]
  Task TaskId(0:0) blocked: deadlock (waiting on TaskId(1:0)).
  
  [leaks]
  - ObligationId(0:0) region=RegionId(0:0) holder=Some(TaskId(0:0)) type=Ack age_ms=2000
  - ObligationId(1:0) region=RegionId(0:0) holder=Some(TaskId(1:0)) type=Lease age_ms=2100
  - ObligationId(2:0) region=RegionId(1:0) holder=Some(TaskId(2:0)) type=Ack age_ms=1800
