---
source: tests/raptorq_regression_log_golden.rs
expression: snapshot
---
{
  "k_10": {
    "erasure_pattern": "burst-loss-40pct",
    "k": 10,
    "log_lines": [
      {
        "calibration_n": 15,
        "e_value": 28.334269,
        "exceeds_threshold": true,
        "metric": "gauss_ops",
        "regime_state": "burst-loss-40pct",
        "replay_ref": "replay:rq-track-g-regression-v1",
        "schema_version": "raptorq-g8-anytime-regression-v1",
        "threshold": 12.0,
        "total_observations": 24,
        "value": 82.0,
        "verdict": "regressed"
      },
      {
        "calibration_n": 15,
        "e_value": 28.334269,
        "exceeds_threshold": true,
        "metric": "dense_core_rows",
        "regime_state": "burst-loss-40pct",
        "replay_ref": "replay:rq-track-g-regression-v1",
        "schema_version": "raptorq-g8-anytime-regression-v1",
        "threshold": 6.0,
        "total_observations": 24,
        "value": 41.0,
        "verdict": "regressed"
      },
      {
        "calibration_n": 15,
        "e_value": 28.334269,
        "exceeds_threshold": true,
        "metric": "dense_core_cols",
        "regime_state": "burst-loss-40pct",
        "replay_ref": "replay:rq-track-g-regression-v1",
        "schema_version": "raptorq-g8-anytime-regression-v1",
        "threshold": 4.0,
        "total_observations": 24,
        "value": 27.0,
        "verdict": "regressed"
      },
      {
        "calibration_n": 15,
        "e_value": 28.334269,
        "exceeds_threshold": true,
        "metric": "inactivated",
        "regime_state": "burst-loss-40pct",
        "replay_ref": "replay:rq-track-g-regression-v1",
        "schema_version": "raptorq-g8-anytime-regression-v1",
        "threshold": 2.0,
        "total_observations": 24,
        "value": 5.0,
        "verdict": "regressed"
      },
      {
        "calibration_n": 15,
        "e_value": 28.334269,
        "exceeds_threshold": true,
        "metric": "pivots_selected",
        "regime_state": "burst-loss-40pct",
        "replay_ref": "replay:rq-track-g-regression-v1",
        "schema_version": "raptorq-g8-anytime-regression-v1",
        "threshold": 2.0,
        "total_observations": 24,
        "value": 5.0,
        "verdict": "regressed"
      },
      {
        "calibration_n": 15,
        "e_value": 0.630249,
        "exceeds_threshold": false,
        "metric": "peel_frontier_peak",
        "regime_state": "burst-loss-40pct",
        "replay_ref": "replay:rq-track-g-regression-v1",
        "schema_version": "raptorq-g8-anytime-regression-v1",
        "threshold": 4.0,
        "total_observations": 24,
        "value": 4.0,
        "verdict": "accept"
      }
    ],
    "overall_verdict": "regressed",
    "regressed_count": 5,
    "warning_count": 0
  },
  "k_100": {
    "erasure_pattern": "checkerboard-loss-35pct",
    "k": 100,
    "log_lines": [
      {
        "calibration_n": 15,
        "e_value": 28.334269,
        "exceeds_threshold": true,
        "metric": "gauss_ops",
        "regime_state": "checkerboard-loss-35pct",
        "replay_ref": "replay:rq-track-g-regression-v1",
        "schema_version": "raptorq-g8-anytime-regression-v1",
        "threshold": 52.0,
        "total_observations": 24,
        "value": 302.0,
        "verdict": "regressed"
      },
      {
        "calibration_n": 15,
        "e_value": 28.334269,
        "exceeds_threshold": true,
        "metric": "dense_core_rows",
        "regime_state": "checkerboard-loss-35pct",
        "replay_ref": "replay:rq-track-g-regression-v1",
        "schema_version": "raptorq-g8-anytime-regression-v1",
        "threshold": 26.0,
        "total_observations": 24,
        "value": 151.0,
        "verdict": "regressed"
      },
      {
        "calibration_n": 15,
        "e_value": 28.334269,
        "exceeds_threshold": true,
        "metric": "dense_core_cols",
        "regime_state": "checkerboard-loss-35pct",
        "replay_ref": "replay:rq-track-g-regression-v1",
        "schema_version": "raptorq-g8-anytime-regression-v1",
        "threshold": 17.0,
        "total_observations": 24,
        "value": 100.0,
        "verdict": "regressed"
      },
      {
        "calibration_n": 15,
        "e_value": 28.334269,
        "exceeds_threshold": true,
        "metric": "inactivated",
        "regime_state": "checkerboard-loss-35pct",
        "replay_ref": "replay:rq-track-g-regression-v1",
        "schema_version": "raptorq-g8-anytime-regression-v1",
        "threshold": 13.0,
        "total_observations": 24,
        "value": 48.0,
        "verdict": "regressed"
      },
      {
        "calibration_n": 15,
        "e_value": 28.334269,
        "exceeds_threshold": true,
        "metric": "pivots_selected",
        "regime_state": "checkerboard-loss-35pct",
        "replay_ref": "replay:rq-track-g-regression-v1",
        "schema_version": "raptorq-g8-anytime-regression-v1",
        "threshold": 13.0,
        "total_observations": 24,
        "value": 48.0,
        "verdict": "regressed"
      },
      {
        "calibration_n": 15,
        "e_value": 0.630249,
        "exceeds_threshold": false,
        "metric": "peel_frontier_peak",
        "regime_state": "checkerboard-loss-35pct",
        "replay_ref": "replay:rq-track-g-regression-v1",
        "schema_version": "raptorq-g8-anytime-regression-v1",
        "threshold": 4.0,
        "total_observations": 24,
        "value": 4.0,
        "verdict": "accept"
      }
    ],
    "overall_verdict": "regressed",
    "regressed_count": 5,
    "warning_count": 0
  },
  "k_1000": {
    "erasure_pattern": "tail-drop-loss-25pct",
    "k": 1000,
    "log_lines": [
      {
        "calibration_n": 15,
        "e_value": 28.334269,
        "exceeds_threshold": true,
        "metric": "gauss_ops",
        "regime_state": "tail-drop-loss-25pct",
        "replay_ref": "replay:rq-track-g-regression-v1",
        "schema_version": "raptorq-g8-anytime-regression-v1",
        "threshold": 502.0,
        "total_observations": 24,
        "value": 2502.0,
        "verdict": "regressed"
      },
      {
        "calibration_n": 15,
        "e_value": 28.334269,
        "exceeds_threshold": true,
        "metric": "dense_core_rows",
        "regime_state": "tail-drop-loss-25pct",
        "replay_ref": "replay:rq-track-g-regression-v1",
        "schema_version": "raptorq-g8-anytime-regression-v1",
        "threshold": 251.0,
        "total_observations": 24,
        "value": 1251.0,
        "verdict": "regressed"
      },
      {
        "calibration_n": 15,
        "e_value": 28.334269,
        "exceeds_threshold": true,
        "metric": "dense_core_cols",
        "regime_state": "tail-drop-loss-25pct",
        "replay_ref": "replay:rq-track-g-regression-v1",
        "schema_version": "raptorq-g8-anytime-regression-v1",
        "threshold": 167.0,
        "total_observations": 24,
        "value": 834.0,
        "verdict": "regressed"
      },
      {
        "calibration_n": 15,
        "e_value": 28.334269,
        "exceeds_threshold": true,
        "metric": "inactivated",
        "regime_state": "tail-drop-loss-25pct",
        "replay_ref": "replay:rq-track-g-regression-v1",
        "schema_version": "raptorq-g8-anytime-regression-v1",
        "threshold": 126.0,
        "total_observations": 24,
        "value": 375.0,
        "verdict": "regressed"
      },
      {
        "calibration_n": 15,
        "e_value": 28.334269,
        "exceeds_threshold": true,
        "metric": "pivots_selected",
        "regime_state": "tail-drop-loss-25pct",
        "replay_ref": "replay:rq-track-g-regression-v1",
        "schema_version": "raptorq-g8-anytime-regression-v1",
        "threshold": 126.0,
        "total_observations": 24,
        "value": 375.0,
        "verdict": "regressed"
      },
      {
        "calibration_n": 15,
        "e_value": 0.630249,
        "exceeds_threshold": false,
        "metric": "peel_frontier_peak",
        "regime_state": "tail-drop-loss-25pct",
        "replay_ref": "replay:rq-track-g-regression-v1",
        "schema_version": "raptorq-g8-anytime-regression-v1",
        "threshold": 4.0,
        "total_observations": 24,
        "value": 4.0,
        "verdict": "accept"
      }
    ],
    "overall_verdict": "regressed",
    "regressed_count": 5,
    "warning_count": 0
  }
}
