---
source: tests/trace_golden_artifacts.rs
expression: keys
---
[
  {
    "kind": 0,
    "primary": 1,
    "secondary": 2,
    "tertiary": 3
  },
  {
    "kind": 255,
    "primary": 18446744073709551615,
    "secondary": 18446744073709551614,
    "tertiary": 18446744073709551613
  },
  {
    "kind": 7,
    "primary": 0,
    "secondary": 0,
    "tertiary": 0
  }
]
